---
source: crates/agtop-cli/tests/config_snapshot.rs
expression: buffer_to_text(&buf)
---
 / Search:
  Appearance                  │About
  Columns                     │────────────────────────────────────────
  ⟳  Refresh                  │
  Clients                     │  Version       0.4.2
  Keybinds                    │  Git SHA       dev
  Data sources                │  Config file   /home/rbarriga/.config/agtop/config.toml
  ‹ About ›                   │  Repository    https://github.com/collectiveai-team/rust-agtop
                              │
                              │
                              │
                              │
                              │
                              │
                              │
                              │
                              │
                              │
                              │
                              │
                              │
                              │
                              │
                              │
                              │
                              │
                              │
                              │
                              │
 [↑↓] navigate  [Tab] switch pane  [Enter] edit  [/] search  [Esc] back  [?] help
