---
source: crates/agtop-cli/tests/quota_panel_snapshot.rs
expression: buffer_to_text(&buf)
---
┌ Usage Quota (short)  [u]sage ────────────────────────────────────────────────────────────────────────────────────────────────────────────┐
│claude-code  █████████▍░░  78% 5h  ·  codex  ███▊░░░░░░░░  31% weekly                                                                     │
│                                                                                                                                          │
└──────────────────────────────────────────────────────────────────────────────────────────────────────────────────────────────────────────┘
