---
source: crates/agtop-cli/tests/sessions_table_snapshot.rs
assertion_line: 134
expression: buffer_to_text(&buf)
---
      SESSION    AGE   CLIENT         SUB              MODEL                CPU   MEM    TOKENS   COST$   PROJECT             NAME
  ●   c2d4f6a1   1m    codex                                                —     —      0        —
  ●   a3f2c1de   3m    claude-code                                          —     —      0        —
  ●   f1e2d3c4   8m    codex                                                —     —      0        —
  ●   b81e9402   12m   claude-code                                          —     —      0        —
  ●   d9e8a7b3   18m   gemini-cli                                           —     —      0        —
      e5f4a3b2   2h    copilot                                              —     —      0        —
